// Jest Snapshot v1, https://goo.gl/fbAQLP

exports[`Actions module should export 1`] = `
Object {
  "conditionalAction": "function",
  "dismiss": "function",
  "log": "function",
  "pop": "function",
  "popTo": "function",
  "present": "function",
  "push": "function",
  "request": "function",
  "sendRequest": "function",
  "setState": "function",
  "triggerViewEvent": "function",
}
`;
