// Jest Snapshot v1, https://goo.gl/fbAQLP

exports[`Operations module should export 1`] = `
Object {
  "and": "function",
  "capitalize": "function",
  "concat": "function",
  "condition": "function",
  "contains": "function",
  "divide": "function",
  "entries": "function",
  "eq": "function",
  "gt": "function",
  "gte": "function",
  "insert": "function",
  "isEmpty": "function",
  "isNull": "function",
  "length": "function",
  "lowercase": "function",
  "lt": "function",
  "lte": "function",
  "match": "function",
  "multiply": "function",
  "not": "function",
  "or": "function",
  "remove": "function",
  "removeIndex": "function",
  "replace": "function",
  "substr": "function",
  "subtract": "function",
  "sum": "function",
  "uppercase": "function",
}
`;
