// Jest Snapshot v1, https://goo.gl/fbAQLP

exports[`Layout module should export 1`] = `
Object {
  "Box": "function",
  "Column": "function",
  "FlowColumn": "function",
  "FlowRow": "function",
  "Lifecycle": "function",
  "LocalImage": "function",
  "Positioned": "function",
  "RemoteImage": "function",
  "Row": "function",
  "ScreenComponent": "function",
  "ScrollView": "function",
  "Stack": "function",
  "Text": "function",
  "Touchable": "function",
}
`;
