// Jest Snapshot v1, https://goo.gl/fbAQLP

exports[`Core module should export 1`] = `
Object {
  "Component": "function",
  "Else": "function",
  "ForEach": "function",
  "If": "function",
  "NimbusJSX": "object",
  "Operation": "function",
  "RootState": "function",
  "Switch": "function",
  "Then": "function",
  "and": "function",
  "capitalize": "function",
  "componentValidation": "object",
  "concat": "function",
  "condition": "function",
  "contains": "function",
  "createAction": "function",
  "createState": "function",
  "createStateNode": "function",
  "divide": "function",
  "entries": "function",
  "eq": "function",
  "getGlobalState": "function",
  "gt": "function",
  "gte": "function",
  "insert": "function",
  "isDynamicExpression": "function",
  "isEmpty": "function",
  "isNull": "function",
  "length": "function",
  "lowercase": "function",
  "lt": "function",
  "lte": "function",
  "match": "function",
  "multiply": "function",
  "not": "function",
  "or": "function",
  "remove": "function",
  "removeIndex": "function",
  "replace": "function",
  "serialize": "function",
  "setFragmentFactory": "function",
  "setupHotReloading": "function",
  "substr": "function",
  "subtract": "function",
  "sum": "function",
  "uppercase": "function",
}
`;
