// Jest Snapshot v1, https://goo.gl/fbAQLP

exports[`Verifies if the screens outputs match the snapshots should render the address screen 1`] = `
Object {
  "_:component": "layout:screen",
  "children": Array [
    Object {
      "_:component": "layout:column",
      "children": Array [
        Object {
          "_:component": "layout:column",
          "children": Array [
            Object {
              "_:component": "layout:row",
              "children": Array [
                Object {
                  "_:component": "layout:row",
                  "children": Array [
                    Object {
                      "_:component": "store:textInput",
                      "properties": Object {
                        "label": "Zip Code",
                        "onBlur": Array [
                          Object {
                            "_:action": "sendRequest",
                            "properties": Object {
                              "onSuccess": Array [
                                Object {
                                  "_:action": "setState",
                                  "properties": Object {
                                    "path": "formAddress.city",
                                    "value": "@{onSuccess.data.localidade}",
                                  },
                                },
                                Object {
                                  "_:action": "setState",
                                  "properties": Object {
                                    "path": "formAddress.neighborhood",
                                    "value": "@{onSuccess.data.bairro}",
                                  },
                                },
                                Object {
                                  "_:action": "setState",
                                  "properties": Object {
                                    "path": "formAddress.state",
                                    "value": "@{onSuccess.data.uf}",
                                  },
                                },
                                Object {
                                  "_:action": "setState",
                                  "properties": Object {
                                    "path": "formAddress.street",
                                    "value": "@{onSuccess.data.logradouro}",
                                  },
                                },
                              ],
                              "url": "https://viacep.com.br/ws/@{onBlur.value}/json",
                            },
                          },
                        ],
                        "onChange": Array [
                          Object {
                            "_:action": "setState",
                            "properties": Object {
                              "path": "formAddress.zip",
                              "value": "@{onChange.value}",
                            },
                          },
                        ],
                        "placeholder": "Eg: 95010-000",
                        "value": "@{formAddress.zip}",
                      },
                    },
                  ],
                  "properties": Object {
                    "marginTop": 4,
                  },
                },
              ],
              "properties": Object {
                "marginBottom": 16,
              },
            },
            Object {
              "_:component": "layout:row",
              "children": Array [
                Object {
                  "_:component": "layout:column",
                  "children": Array [
                    Object {
                      "_:component": "layout:row",
                      "children": Array [
                        Object {
                          "_:component": "store:textInput",
                          "properties": Object {
                            "label": "Street",
                            "onChange": Array [
                              Object {
                                "_:action": "setState",
                                "properties": Object {
                                  "path": "formAddress.street",
                                  "value": "@{onChange.value}",
                                },
                              },
                            ],
                            "placeholder": "Eg: Rua das Árvores",
                            "value": "@{formAddress.street}",
                          },
                        },
                      ],
                      "properties": Object {
                        "marginTop": 4,
                      },
                    },
                  ],
                  "properties": Object {
                    "marginEnd": 6,
                  },
                },
                Object {
                  "_:component": "layout:column",
                  "children": Array [
                    Object {
                      "_:component": "layout:row",
                      "children": Array [
                        Object {
                          "_:component": "store:textInput",
                          "properties": Object {
                            "label": "Number",
                            "onChange": Array [
                              Object {
                                "_:action": "setState",
                                "properties": Object {
                                  "path": "formAddress.number",
                                  "value": "@{onChange.value}",
                                },
                              },
                            ],
                            "placeholder": "Eg: 101",
                            "value": "@{formAddress.number}",
                          },
                        },
                      ],
                      "properties": Object {
                        "marginTop": 4,
                      },
                    },
                  ],
                  "properties": Object {
                    "marginStart": 6,
                    "width": 90,
                  },
                },
              ],
              "properties": Object {
                "marginBottom": 12,
              },
            },
            Object {
              "_:component": "layout:row",
              "children": Array [
                Object {
                  "_:component": "layout:column",
                  "children": Array [
                    Object {
                      "_:component": "layout:row",
                      "children": Array [
                        Object {
                          "_:component": "store:textInput",
                          "properties": Object {
                            "label": "City",
                            "onChange": Array [
                              Object {
                                "_:action": "setState",
                                "properties": Object {
                                  "path": "formAddress.city",
                                  "value": "@{onChange.value}",
                                },
                              },
                            ],
                            "placeholder": "Eg: Uberlândia",
                            "value": "@{formAddress.city}",
                          },
                        },
                      ],
                      "properties": Object {
                        "marginTop": 4,
                      },
                    },
                  ],
                  "properties": Object {
                    "marginEnd": 6,
                  },
                },
                Object {
                  "_:component": "layout:column",
                  "children": Array [
                    Object {
                      "_:component": "layout:row",
                      "children": Array [
                        Object {
                          "_:component": "store:textInput",
                          "properties": Object {
                            "label": "State",
                            "onChange": Array [
                              Object {
                                "_:action": "setState",
                                "properties": Object {
                                  "path": "formAddress.state",
                                  "value": "@{onChange.value}",
                                },
                              },
                            ],
                            "placeholder": "Eg: MG",
                            "value": "@{formAddress.state}",
                          },
                        },
                      ],
                      "properties": Object {
                        "marginTop": 4,
                      },
                    },
                  ],
                  "properties": Object {
                    "marginStart": 6,
                    "width": 70,
                  },
                },
              ],
              "properties": Object {
                "marginBottom": 48,
              },
            },
          ],
          "properties": Object {
            "height": "expand",
            "padding": 16,
          },
        },
        Object {
          "_:component": "layout:row",
          "children": Array [
            Object {
              "_:component": "store:button",
              "properties": Object {
                "enabled": true,
                "onPress": Array [
                  Object {
                    "_:action": "pop",
                    "properties": Object {},
                  },
                ],
                "text": "Cancel",
              },
            },
            Object {
              "_:component": "store:button",
              "properties": Object {
                "enabled": true,
                "onPress": Array [
                  Object {
                    "_:action": "setState",
                    "properties": Object {
                      "path": "global.address",
                      "value": "@{formAddress}",
                    },
                  },
                  Object {
                    "_:action": "push",
                    "properties": Object {
                      "url": "/payment",
                    },
                  },
                ],
                "text": "Next",
              },
            },
          ],
          "properties": Object {
            "mainAxisAlignment": "spaceBetween",
            "padding": 16,
            "width": "expand",
          },
        },
      ],
      "properties": Object {
        "backgroundColor": "#EEEEEE",
      },
      "state": Object {
        "id": "formAddress",
      },
    },
  ],
  "properties": Object {
    "title": "Address",
  },
}
`;

exports[`Verifies if the screens outputs match the snapshots should render the cart screen 1`] = `
Object {
  "_:component": "layout:screen",
  "children": Array [
    Object {
      "_:component": "layout:column",
      "children": Array [
        Object {
          "_:component": "if",
          "children": Array [
            Object {
              "_:component": "then",
              "children": Array [
                Object {
                  "_:component": "layout:column",
                  "children": Array [
                    Object {
                      "_:component": "layout:text",
                      "properties": Object {
                        "alignment": "center",
                        "text": "Your cart is empty. Go to the products page and add some products.",
                      },
                    },
                  ],
                  "properties": Object {
                    "crossAxisAlignment": "center",
                    "height": "expand",
                    "mainAxisAlignment": "center",
                    "width": "expand",
                  },
                },
              ],
            },
            Object {
              "_:component": "else",
              "children": Array [
                Object {
                  "_:component": "layout:scrollView",
                  "children": Array [
                    Object {
                      "_:component": "layout:column",
                      "children": Array [
                        Object {
                          "_:component": "forEach",
                          "children": Array [
                            Object {
                              "_:component": "layout:touchable",
                              "children": Array [
                                Object {
                                  "_:component": "layout:row",
                                  "children": Array [
                                    Object {
                                      "_:component": "layout:remoteImage",
                                      "properties": Object {
                                        "scale": "fillWidth",
                                        "url": "@{item.image}",
                                        "width": 50,
                                      },
                                    },
                                    Object {
                                      "_:component": "layout:row",
                                      "children": Array [
                                        Object {
                                          "_:component": "layout:row",
                                          "children": Array [
                                            Object {
                                              "_:component": "layout:text",
                                              "properties": Object {
                                                "size": 14,
                                                "text": "@{item.title}",
                                                "weight": "light",
                                              },
                                            },
                                          ],
                                          "properties": Object {
                                            "marginEnd": 10,
                                          },
                                        },
                                        Object {
                                          "_:component": "layout:text",
                                          "properties": Object {
                                            "size": 14,
                                            "text": "@{formatPrice(item.price, 'BRL')}",
                                            "weight": "normal",
                                          },
                                        },
                                      ],
                                      "properties": Object {
                                        "mainAxisAlignment": "spaceBetween",
                                        "marginStart": 16,
                                        "width": "expand",
                                      },
                                    },
                                  ],
                                  "properties": Object {
                                    "backgroundColor": "#FFFFFF",
                                    "borderColor": "#e3e3e3",
                                    "borderWidth": 1,
                                    "cornerRadius": 12,
                                    "crossAxisAlignment": "center",
                                    "marginBottom": 14,
                                    "padding": 12,
                                    "width": "expand",
                                  },
                                },
                              ],
                              "properties": Object {
                                "onPress": Array [
                                  Object {
                                    "_:action": "setState",
                                    "properties": Object {
                                      "path": "global.currentProduct",
                                      "value": "@{item}",
                                    },
                                  },
                                  Object {
                                    "_:action": "push",
                                    "properties": Object {
                                      "url": "/product",
                                    },
                                  },
                                ],
                              },
                            },
                          ],
                          "properties": Object {
                            "items": "@{global.cart}",
                          },
                        },
                      ],
                      "properties": Object {
                        "padding": 16,
                      },
                    },
                  ],
                },
                Object {
                  "_:component": "layout:row",
                  "children": Array [
                    Object {
                      "_:component": "layout:column",
                      "children": Array [
                        Object {
                          "_:component": "layout:text",
                          "properties": Object {
                            "size": 14,
                            "text": "Total",
                            "weight": "light",
                          },
                        },
                        Object {
                          "_:component": "layout:text",
                          "properties": Object {
                            "color": "#008000",
                            "text": "@{formatPrice(sumProducts(global.cart), 'BRL')}",
                          },
                        },
                      ],
                    },
                    Object {
                      "_:component": "store:button",
                      "properties": Object {
                        "enabled": "@{not(isEmpty(global.cart))}",
                        "onPress": Array [
                          Object {
                            "_:action": "push",
                            "properties": Object {
                              "url": "/address",
                            },
                          },
                        ],
                        "text": "Buy",
                      },
                    },
                  ],
                  "properties": Object {
                    "backgroundColor": "#FFFFFF",
                    "borderColor": "#e3e3e3",
                    "borderWidth": 1,
                    "crossAxisAlignment": "center",
                    "height": 70,
                    "mainAxisAlignment": "spaceBetween",
                    "paddingHorizontal": 16,
                    "width": "expand",
                  },
                },
              ],
            },
          ],
          "properties": Object {
            "condition": "@{isEmpty(global.cart)}",
          },
        },
      ],
      "properties": Object {
        "backgroundColor": "#EEEEEE",
        "height": "expand",
        "width": "expand",
      },
    },
  ],
  "properties": Object {
    "title": "Cart",
  },
}
`;

exports[`Verifies if the screens outputs match the snapshots should render the order screen 1`] = `
Object {
  "address": Object {
    "city": "sao paulo",
    "complement": "teste",
    "neighborhood": "teste",
    "number": "123",
    "state": "SP",
    "street": "rua a",
    "zip": "12345",
  },
  "id": "1",
  "products": Array [
    Object {
      "category": "men's clothing",
      "description": "Slim-fitting style, contrast raglan long sleeve, three-button henley placket, light weight & soft fabric for breathable and comfortable wearing. And Solid stitched shirts with round neck made for durability and a great fit for casual fashion wear and diehard baseball fans. The Henley style round neckline includes a three-button placket.",
      "id": 2,
      "image": "https://fakestoreapi.com/img/71-3HjGNDUL._AC_SY879._SX._UX._SY._UY_.jpg",
      "price": 22.3,
      "title": "Mens Casual Premium Slim Fit T-Shirts ",
    },
    Object {
      "category": "men's clothing",
      "description": "Your perfect pack for everyday use and walks in the forest. Stash your laptop (up to 15 inches) in the padded sleeve, your everyday",
      "id": 1,
      "image": "https://fakestoreapi.com/img/81fPKd-2AYL._AC_SL1500_.jpg",
      "price": 109.95,
      "title": "Fjallraven - Foldsack No. 1 Backpack, Fits 15 Laptops",
    },
  ],
  "state": "PAYMENT_ACCEPTED",
  "total": 132.25,
}
`;

exports[`Verifies if the screens outputs match the snapshots should render the payment screen 1`] = `
Object {
  "_:component": "layout:screen",
  "children": Array [
    Object {
      "_:component": "layout:column",
      "children": Array [
        Object {
          "_:component": "layout:column",
          "children": Array [
            Object {
              "_:component": "layout:row",
              "children": Array [
                Object {
                  "_:component": "layout:row",
                  "children": Array [
                    Object {
                      "_:component": "store:textInput",
                      "properties": Object {
                        "label": "Card number",
                        "onChange": Array [
                          Object {
                            "_:action": "setState",
                            "properties": Object {
                              "path": "card.number",
                              "value": "@{onChange.value}",
                            },
                          },
                        ],
                        "placeholder": "0000 0000 0000 0000",
                        "value": "@{card.number}",
                      },
                    },
                  ],
                  "properties": Object {
                    "marginTop": 4,
                  },
                },
              ],
              "properties": Object {
                "marginBottom": 12,
              },
            },
            Object {
              "_:component": "layout:row",
              "children": Array [
                Object {
                  "_:component": "layout:column",
                  "children": Array [
                    Object {
                      "_:component": "layout:row",
                      "children": Array [
                        Object {
                          "_:component": "store:textInput",
                          "properties": Object {
                            "label": "Expiration Date",
                            "onChange": Array [
                              Object {
                                "_:action": "setState",
                                "properties": Object {
                                  "path": "card.expirationDate",
                                  "value": "@{onChange.value}",
                                },
                              },
                            ],
                            "placeholder": "MM/YY",
                            "value": "@{card.expirationDate}",
                          },
                        },
                      ],
                      "properties": Object {
                        "marginTop": 4,
                      },
                    },
                  ],
                  "properties": Object {
                    "marginEnd": 6,
                  },
                },
                Object {
                  "_:component": "layout:column",
                  "children": Array [
                    Object {
                      "_:component": "layout:row",
                      "children": Array [
                        Object {
                          "_:component": "store:textInput",
                          "properties": Object {
                            "label": "CVC",
                            "onChange": Array [
                              Object {
                                "_:action": "setState",
                                "properties": Object {
                                  "path": "card.cvc",
                                  "value": "@{onChange.value}",
                                },
                              },
                            ],
                            "placeholder": "000",
                            "value": "@{card.cvc}",
                          },
                        },
                      ],
                      "properties": Object {
                        "marginTop": 4,
                      },
                    },
                  ],
                  "properties": Object {
                    "marginStart": 6,
                  },
                },
              ],
              "properties": Object {
                "marginBottom": 48,
              },
            },
          ],
          "properties": Object {
            "height": "expand",
            "padding": 16,
          },
        },
        Object {
          "_:component": "layout:row",
          "children": Array [
            Object {
              "_:component": "store:button",
              "properties": Object {
                "enabled": true,
                "onPress": Array [
                  Object {
                    "_:action": "sendRequest",
                    "properties": Object {
                      "data": Object {
                        "address": "@{global.address}",
                        "payment": "@{card}",
                        "products": "@{global.cart}",
                      },
                      "method": "Post",
                      "onError": Array [
                        Object {
                          "_:action": "log",
                          "properties": Object {
                            "level": "Error",
                            "message": "@{onError.data.error}",
                          },
                        },
                      ],
                      "onSuccess": Array [
                        Object {
                          "_:action": "setState",
                          "properties": Object {
                            "path": "global.cart",
                            "value": Array [],
                          },
                        },
                        Object {
                          "_:action": "layout:updateCartIndicator",
                          "properties": Object {
                            "numberOfElementsInCart": 0,
                          },
                        },
                        Object {
                          "_:action": "setState",
                          "properties": Object {
                            "path": "global.currentOrder",
                            "value": "@{onSuccess.data}",
                          },
                        },
                        Object {
                          "_:action": "popTo",
                          "properties": Object {
                            "url": "/order",
                          },
                        },
                      ],
                      "url": "/order",
                    },
                  },
                ],
                "text": "Complete order",
              },
            },
          ],
          "properties": Object {
            "mainAxisAlignment": "end",
            "padding": 16,
            "width": "expand",
          },
        },
      ],
      "properties": Object {
        "backgroundColor": "#EEEEEE",
      },
    },
  ],
  "properties": Object {
    "title": "Payment",
  },
  "state": Object {
    "id": "card",
  },
}
`;

exports[`Verifies if the screens outputs match the snapshots should render the product screen 1`] = `
Object {
  "_:component": "layout:screen",
  "children": Array [
    Object {
      "_:component": "layout:scrollView",
      "children": Array [
        Object {
          "_:component": "layout:column",
          "children": Array [
            Object {
              "_:component": "layout:text",
              "properties": Object {
                "size": 24,
                "text": "@{global.currentProduct.title}",
                "weight": "normal",
              },
            },
            Object {
              "_:component": "layout:row",
              "children": Array [
                Object {
                  "_:component": "layout:remoteImage",
                  "properties": Object {
                    "scale": "fillWidth",
                    "url": "@{global.currentProduct.image}",
                    "width": 160,
                  },
                },
              ],
              "properties": Object {
                "marginVertical": 28,
              },
            },
            Object {
              "_:component": "layout:text",
              "properties": Object {
                "size": 20,
                "text": "@{formatPrice(global.currentProduct.price, 'BRL')}",
                "weight": "bold",
              },
            },
            Object {
              "_:component": "layout:row",
              "children": Array [
                Object {
                  "_:component": "if",
                  "children": Array [
                    Object {
                      "_:component": "then",
                      "children": Array [
                        Object {
                          "_:component": "layout:text",
                          "properties": Object {
                            "color": "#2E8B57",
                            "size": 18,
                            "text": "In cart ✓",
                            "weight": "bold",
                          },
                        },
                      ],
                    },
                    Object {
                      "_:component": "else",
                      "children": Array [
                        Object {
                          "_:component": "store:button",
                          "properties": Object {
                            "enabled": true,
                            "onPress": Array [
                              Object {
                                "_:action": "setState",
                                "properties": Object {
                                  "path": "global.cart",
                                  "value": "@{insert(global.cart, global.currentProduct)}",
                                },
                              },
                            ],
                            "text": "Add to cart",
                          },
                        },
                      ],
                    },
                  ],
                  "properties": Object {
                    "condition": "@{contains(global.cart, global.currentProduct)}",
                  },
                },
              ],
              "properties": Object {
                "mainAxisAlignment": "center",
                "marginVertical": 36,
              },
            },
            Object {
              "_:component": "layout:text",
              "properties": Object {
                "color": "#515151",
                "size": 16,
                "text": "@{global.currentProduct.description}",
                "weight": "light",
              },
            },
          ],
          "properties": Object {
            "crossAxisAlignment": "center",
            "padding": 24,
          },
        },
      ],
    },
  ],
  "properties": Object {
    "title": "Product details",
  },
}
`;

exports[`Verifies if the screens outputs match the snapshots should render the products screen 1`] = `
Object {
  "_:component": "layout:screen",
  "children": Array [
    Object {
      "_:component": "layout:lifecycle",
      "children": Array [
        Object {
          "_:component": "layout:column",
          "children": Array [
            Object {
              "_:component": "if",
              "children": Array [
                Object {
                  "_:component": "then",
                  "children": Array [
                    Object {
                      "_:component": "layout:column",
                      "children": Array [
                        Object {
                          "_:component": "store:spinner",
                          "properties": Object {},
                        },
                      ],
                      "properties": Object {
                        "crossAxisAlignment": "center",
                        "height": "expand",
                        "mainAxisAlignment": "center",
                        "width": "expand",
                      },
                    },
                  ],
                },
                Object {
                  "_:component": "else",
                  "children": Array [
                    Object {
                      "_:component": "layout:scrollView",
                      "children": Array [
                        Object {
                          "_:component": "layout:column",
                          "children": Array [
                            Object {
                              "_:component": "forEach",
                              "children": Array [
                                Object {
                                  "_:component": "layout:column",
                                  "children": Array [
                                    Object {
                                      "_:component": "layout:touchable",
                                      "children": Array [
                                        Object {
                                          "_:component": "layout:row",
                                          "children": Array [
                                            Object {
                                              "_:component": "layout:remoteImage",
                                              "properties": Object {
                                                "scale": "fillWidth",
                                                "url": "@{product.image}",
                                                "width": 60,
                                              },
                                            },
                                            Object {
                                              "_:component": "layout:column",
                                              "children": Array [
                                                Object {
                                                  "_:component": "layout:text",
                                                  "properties": Object {
                                                    "size": 15,
                                                    "text": "@{product.title}",
                                                  },
                                                },
                                                Object {
                                                  "_:component": "layout:row",
                                                  "children": Array [
                                                    Object {
                                                      "_:component": "layout:text",
                                                      "properties": Object {
                                                        "size": 17,
                                                        "text": "@{formatPrice(product.price, 'BRL')}",
                                                        "weight": "bold",
                                                      },
                                                    },
                                                  ],
                                                  "properties": Object {
                                                    "paddingTop": 12,
                                                  },
                                                },
                                              ],
                                              "properties": Object {
                                                "marginStart": 30,
                                              },
                                            },
                                          ],
                                        },
                                      ],
                                      "properties": Object {
                                        "onPress": Array [
                                          Object {
                                            "_:action": "setState",
                                            "properties": Object {
                                              "path": "global.currentProduct",
                                              "value": "@{product}",
                                            },
                                          },
                                          Object {
                                            "_:action": "present",
                                            "properties": Object {
                                              "url": "/product",
                                            },
                                          },
                                        ],
                                      },
                                    },
                                    Object {
                                      "_:component": "layout:row",
                                      "properties": Object {
                                        "backgroundColor": "#E3E3E3",
                                        "height": 1,
                                        "marginTop": 20,
                                        "width": "expand",
                                      },
                                    },
                                    Object {
                                      "_:component": "layout:row",
                                      "children": Array [
                                        Object {
                                          "_:component": "if",
                                          "children": Array [
                                            Object {
                                              "_:component": "then",
                                              "children": Array [
                                                Object {
                                                  "_:component": "layout:text",
                                                  "properties": Object {
                                                    "color": "#2E8B57",
                                                    "size": 18,
                                                    "text": "In cart ✓",
                                                    "weight": "bold",
                                                  },
                                                },
                                              ],
                                            },
                                            Object {
                                              "_:component": "else",
                                              "children": Array [
                                                Object {
                                                  "_:component": "store:button",
                                                  "properties": Object {
                                                    "enabled": true,
                                                    "onPress": Array [
                                                      Object {
                                                        "_:action": "setState",
                                                        "properties": Object {
                                                          "path": "global.cart",
                                                          "value": "@{insert(global.cart, product)}",
                                                        },
                                                      },
                                                    ],
                                                    "text": "Add to cart",
                                                  },
                                                },
                                              ],
                                            },
                                          ],
                                          "properties": Object {
                                            "condition": "@{contains(global.cart, product)}",
                                          },
                                        },
                                      ],
                                      "properties": Object {
                                        "mainAxisAlignment": "center",
                                        "paddingTop": 16,
                                        "width": "expand",
                                      },
                                    },
                                  ],
                                  "properties": Object {
                                    "backgroundColor": "#FFFFFF",
                                    "borderColor": "#e3e3e3",
                                    "borderWidth": 1,
                                    "cornerRadius": 12,
                                    "marginBottom": 14,
                                    "paddingHorizontal": 24,
                                    "paddingVertical": 16,
                                    "shadow": Array [
                                      Object {
                                        "blur": 4,
                                        "color": "#00000012",
                                        "x": 1,
                                        "y": 1,
                                      },
                                    ],
                                    "width": "expand",
                                  },
                                },
                              ],
                              "properties": Object {
                                "items": "@{products.data}",
                                "iteratorName": "product",
                              },
                            },
                          ],
                          "properties": Object {
                            "padding": 16,
                          },
                        },
                      ],
                    },
                  ],
                },
              ],
              "properties": Object {
                "condition": "@{products.isLoading}",
              },
            },
          ],
          "properties": Object {
            "backgroundColor": "#EEEEEE",
            "height": "expand",
            "width": "expand",
          },
        },
      ],
      "properties": Object {
        "onInit": Array [
          Object {
            "_:action": "sendRequest",
            "properties": Object {
              "onError": Array [
                Object {
                  "_:action": "log",
                  "properties": Object {
                    "level": "Error",
                    "message": "@{onError.message}",
                  },
                },
              ],
              "onFinish": Array [
                Object {
                  "_:action": "setState",
                  "properties": Object {
                    "path": "products.isLoading",
                    "value": false,
                  },
                },
              ],
              "onSuccess": Array [
                Object {
                  "_:action": "setState",
                  "properties": Object {
                    "path": "products.data",
                    "value": "@{onSuccess.data}",
                  },
                },
              ],
              "url": "/data/products",
            },
          },
        ],
      },
    },
  ],
  "properties": Object {
    "title": "Products",
  },
  "state": Object {
    "id": "products",
    "value": Object {
      "data": Array [],
      "isLoading": true,
    },
  },
}
`;
